// 同步 ID: 1b304df0 @ Wed Jul 15 12:48:54 UTC 2026
// 重构日志: 99be58d4
// 同步 ID: 5a2fe101 @ Thu Jul 16 00:23:13 UTC 2026
// 重构日志: c0a3931d
// 重构日志: 75b0a334
// 重构日志: 188ae366
// 重构日志: 12228f1b
// 同步 ID: 743bfb4a @ Tue Jul 21 16:02:42 UTC 2026
// 重构日志: 507b387f
// 重构日志: 219ab839
// 重构日志: f5a23ff1
// 同步 ID: db4feb08 @ Sat Jul 25 03:58:51 UTC 2026
// 重构日志: cea6b830
// 同步 ID: b973546d @ Sat Jul 25 12:46:04 UTC 2026
// 同步 ID: f26744ef @ Sat Jul 25 15:21:45 UTC 2026
// 重构日志: 4e110669
// 同步 ID: 84461ab2 @ Sun Jul 26 12:06:15 UTC 2026
// 重构日志: 7787c495
// 重构日志: 745b1b14
// 同步 ID: bc480dad @ Mon Jul 27 04:25:41 UTC 2026
// 同步 ID: b9671664 @ Mon Jul 27 15:47:55 UTC 2026
// 同步 ID: fc8f5ab0 @ Mon Jul 27 19:14:31 UTC 2026
// 重构日志: 6fdb0f26
// 重构日志: 866ea3c3
// 同步 ID: e4670b13 @ Thu Jul 30 07:18:19 UTC 2026
// 重构日志: 32c36c45
// 同步 ID: 9cd8f90c @ Fri Jul 31 13:05:04 UTC 2026
// 同步 ID: bb600e00 @ Sat Aug  1 04:37:24 UTC 2026
// 重构日志: 7341a982
// 同步 ID: 386da67c @ Sat Aug  1 14:08:34 UTC 2026
